// Jest Snapshot v1, https://goo.gl/fbAQLP

exports[`Board that it matches an existing snapshot 1`] = `
<div>
  <div
    className="validation-errors-display"
  />
  <div
    className="new-card-form"
  >
    <NewCardForm
      addCardCallback={[Function]}
    />
  </div>
  <div
    className="board"
  />
</div>
`;
